PCAD Importer Log
Project : Lab4_Buhakova.PrjPcb

Section : C:\Users\lizab\Downloads\Lab4_Buhakova.pcb
    Section : Load Messages
        Warning - 1 : Skipping Token defaultPinDes On Line 243
        Warning - 1 : Skipping Token defaultPinDes On Line 244
        Warning - 1 : Skipping Token defaultPinDes On Line 291
        Warning - 1 : Skipping Token defaultPinDes On Line 292
        Warning - 1 : Skipping Token defaultPinDes On Line 336
        Warning - 1 : Skipping Token defaultPinDes On Line 337
        Warning - 1 : Skipping Token defaultPinDes On Line 379
        Warning - 1 : Skipping Token defaultPinDes On Line 380
        Warning - 1 : Skipping Token defaultPinDes On Line 381
        Warning - 1 : Skipping Token defaultPinDes On Line 409
        Warning - 1 : Skipping Token defaultPinDes On Line 410
        Warning - 1 : Skipping Token defaultPinDes On Line 411
        Warning - 1 : Skipping Token defaultPinDes On Line 498
        Warning - 1 : Skipping Token defaultPinDes On Line 499
        Warning - 1 : Skipping Token defaultPinDes On Line 529
        Warning - 1 : Skipping Token defaultPinDes On Line 530
        Warning - 1 : Skipping Token defaultPinDes On Line 531
        Warning - 1 : Skipping Token defaultPinDes On Line 561
        Warning - 1 : Skipping Token defaultPinDes On Line 562
        Warning - 1 : Skipping Token defaultPinDes On Line 605
        Warning - 1 : Skipping Token defaultPinDes On Line 606
        Warning - 1 : Skipping Token attachedSymbol On Line 653
        Warning - 1 : Skipping Token attachedSymbol On Line 673
        Warning - 1 : Skipping Token attachedSymbol On Line 694
        Warning - 1 : Skipping Token attachedSymbol On Line 715
        Warning - 1 : Skipping Token attachedSymbol On Line 736
        Warning - 1 : Skipping Token attachedSymbol On Line 757
        Warning - 1 : Skipping Token attachedSymbol On Line 780
        Warning - 1 : Skipping Token attachedSymbol On Line 801
        Warning - 1 : Skipping Token refPointSize On Line 1047
        Warning - 1 : Skipping Token infoPointSize On Line 1048
        Warning - 1 : Skipping Token gluePointSize On Line 1049
        Warning - 1 : Skipping Token pickPointSize On Line 1050
        Warning - 1 : Skipping Token testPointSize On Line 1051
        Warning - 1 : Skipping Token refPointSizePrint On Line 1052
        Warning - 1 : Skipping Token infoPointSizePrint On Line 1053
        Warning - 1 : Skipping Token gluePointSizePrint On Line 1054
        Warning - 1 : Skipping Token pickPointSizePrint On Line 1055
        Warning - 1 : Skipping Token testPointSizePrint On Line 1056
        Warning - 1 : Skipping Token solderFlowDirection On Line 1057
        Warning - 1 : Skipping Token globalCopperPourCutoutBackoffFlag On Line 1058
        Warning - 1 : Skipping Token useLegacyBackoffAlgorithm On Line 1059
        Warning - 1 : Skipping Token useLegacyCupourIslandGenerationAlgorithm On Line 1060
        Warning - 1 : Skipping Token drillSymSettings On Line 1455
        Warning - 1 : Skipping Token gerberSettings On Line 1457
        Warning - 1 : Skipping Token ncDrillSettings On Line 1471
        Warning - 1 : Skipping Token programState On Line 1480
        Warning - 1 : Skipping Token displayDrawOrder On Line 1521
        Warning - 1 : Skipping Token reportSettings On Line 1744
        Warning - 1 : Skipping Token odbSettings On Line 2415
    EndSection

    Section : Import Messages
        Warning - 0 : PCAD Pattern Graphics [TO-92-4][Primary] associated with PCAD Component [BC558B] has been renamed to PCB FootPrint [TO-92-4_BC558B(Primary)].
        Warning - 0 : PCAD Pattern Graphics [DO-41(DO-204AL)][Primary] associated with PCAD Component [1N4007] has been renamed to PCB FootPrint [DO-41(DO-204AL)_1N4007(Primary)].
        Warning - 0 : PCAD Pattern Graphics [DO-41(DO-204AL)][Primary] associated with PCAD Component [1N4007] has been renamed to PCB FootPrint [DO-41(DO-204AL)_1N4007(Primary)].
        Warning - 0 : PCAD Pattern Graphics [TO-92-4][Primary] associated with PCAD Component [BC558B] has been renamed to PCB FootPrint [TO-92-4_BC558B(Primary)].
        Warning - 0 : PCAD Pattern Graphics [DO-41(DO-204AL)][Primary] associated with PCAD Component [1N4007] has been renamed to PCB FootPrint [DO-41(DO-204AL)_1N4007(Primary)].
    EndSection
EndSection
